Called & with 1
Called prefix&
got right object
Called & with right object
not wrong!
