1
2
In c: 3
In c: 4
In c: 5
hello
world
In c: -1
In c: 0
In c: 1
