Non-repeating while loop
Done
Non-repeating while loop
Up is still up
Done
