Timothy is a black cat
Gregory is a tortoiseshell cat
