OK; Caught an error.
OK; Caught a manual exception.
