binding
6 run, 0 failed, 0 errors
sequence
47 run, 0 failed, 0 errors
list
79 run, 0 failed, 0 errors
set
37 run, 0 failed, 0 errors
range
46 run, 0 failed, 0 errors
dictionary
52 run, 0 failed, 0 errors
lazy enumeration
5 run, 0 failed, 0 errors
