t209_dialectInterface_test start
a Module<t209_dialectInterface_test> end
