Ran truemeth
Ran truemeth
true
Ran falsemeth
false
false
