hello
In b: 17
In b: 42
world
In d: -1
In d: 0
In d: 1
one
In b: two
In b: three
four
In d: five
In d: six
