OK; Refined an exception.
OK; Caught a refined exception.
OK; Refined sub-exceptions.
OK; Caught a refined exception with super-exception.
