bindingTest: 6 run, 0 failed, 0 errors
sequenceTest: 53 run, 0 failed, 0 errors
listTest: 78 run, 0 failed, 0 errors
setTest: 39 run, 0 failed, 0 errors
rangeTest: 49 run, 0 failed, 0 errors
dictionaryTest: 52 run, 0 failed, 0 errors
lazyEnumTest: 5 run, 0 failed, 0 errors
