(x1 = one::1)
(x2 = two::2)
(y1 = 1::one)
(y2 = 2::two)
