one assertion in o
this is b
one assertion in module
this is d
done
