...
Hello, world!
This string has 	a tab and a
newline in it.
That's all, folks
