old and new collection factories: 8 run, 0 failed, 0 errors
