GOT 1: 345
GOT 3: 123456789
ProgrammingError: block takes 2 arguments but given 3.
ProgrammingError: block takes 4 arguments but given 3.
done
