Should be three trues and then all false
true
true
true
false
false
false
false
false
false
false
false
false
