Value of i: 0
Value of i: 1
Value of i: 2
Value of i: 3
Value of i: 4
Value of i: 5
