true
true
Ran truemeth
true
Ran falsemeth
Ran truemeth
true
Ran falsemeth
false
