A's foo: ARGUMENT
B's bar
C's baz invokes...
B's baz invokes...
A's baz
