The pair 1 and 2
(3, 4) from aPair.new(3, 4)
Pair starting 5! (5, 6)
(7, 8) from aPair.new(7, 8)
Pair of pairs, second starting 3. aPair.new(1, 2) aPair.new(3, 4) 3 4
