OK; inside main block.
OK.
OK.
OK; both exception handler and finally ran.
