dialect is the "beginningStudent" module
list []
list [1]
list [1, 2, 3, 4, 5, 6]
list [1, 2, 3, 4, 5, 6]
list [0, 1, 2, 3, 4, 5, 6, 7, 8, 9, 10, 11, 12]
