binding
6 run, 0 failed, 0 errors
sequence
47 run, 0 failed, 0 errors
list
78 run, 0 failed, 0 errors
set
39 run, 0 failed, 0 errors
range
46 run, 0 failed, 0 errors
dictionary
49 run, 0 failed, 0 errors
