Number 6
Number 7
empty
Number 9
TypeError: value of def 'tx' is not of type OptionNumber
